$ may look like an idiot and talk like an idiot but don't let that fool you. He really is an idiot.
$'s mind is so open - so open that ideas simply pass through it.
$, are you always this stupid or are you making a special effort today.
$, brains aren't everything. In fact in your case they're nothing.
$ always finds himself lost in thought - it's an unfamiliar territory.
$ doesn't know the meaning of the word "fear" - but then again he doesn't know the meaning of most words.
$, I don't know what makes you so dumb but it really works.
$, I don't think you are a fool, but what's my opinion compared to that of thousands of others.
$ does the work of three men: Larry, Curly & Moe.
$, oh my God, look at you. Anyone else hurt in the accident?
$, like a death at a birthday party, you ruin all the fun... Like a sucked and spat out smartie, you're no use to anyone.
$ has a face like a Saint - A Saint Bernard.
$ loves 'NATURE' - In spite of what it did to him.
$, who picks your clothes - Stevie Wonder?
$, can I borrow your face for a few days? My ass is going on holiday.
See, that's what's meant by dark and handsome. When it's dark, $ is handsome.
$, do you still love nature, despite what it did to you?
$, don't you need a license to be that ugly?
$, every person has the right to be ugly, but you abused the privilege!
$, I've seen people like you before, but I had to pay admission!
$, you're so dumb, your mother told you to go buy a color television and you asked, "What color?"
$, you're so dumb, that if you got locked in a grocery store, you'd starve to death!
$, you're so dumb, you thought a quarterback was a refund.
$, you're so dumb, that you think 'harass' is two words.
$, you're so dumb, you looked in the mirror and said, "Who's that?"
$, you're so dumb, you put a quarter in a parking meter and started shouting, "Hey! Where's my gumball!?"
$, you're so dumb, that when your crack was stolen, you reported it to the police!
$, you're so dumb, you need a recipe to boil water.
$, you're so dumb, that when you hit rock bottom, you started to dig!
$, you're so dumb, that you looked in a bowl of cheerios and said..."O LOOK, DONUT SEEDS!"'
$, you're so dumb, you stuck a battery up your butt and said, "I got the power."
$, you're so dumb, you threw a quarter and thought the eagle on it would fly.
$, you're so dumb, you can't have a heated blanket or you will electrocute yourself.
$, you're so dumb, you climbed over a glass wall to see what was on the other side!
$, you're so dumb, when you got a haircut you put a band-aid on it.
$, you're so dumb, you got caught drunk-driving at the bumper cars.
$, you're so dumb, you asked the pharmascist how they get the little prescription bottles into the typewriters.
$, you're so dumb, you tried to commit suicide by jumping out of the basement window.
$, you're so dumb, when you had a brainstorm it was just a drizzle.
$, you're so dumb, that when your coach said go out there and break a leg , you went out there an broke both of them to impress your coach.
$, you're so dumb, you bought a solar powered flashlight!
$, you're so dumb, you chase parked cars.
$, you're so dumb, if brains were dynamite, you wouldn't have enough to blow your nose.
$, you're so dumb, you cant dial 911 because theres no '11' on your phone.
$, you're so dumb, you have 2 brains, ones lost the others lookin for it.
$, you're so dumb, you thought you needed a token to get on the soul train.
$, you're so dumb, it took you two hours to watch 60 minutes.
$, you're so dumb, you jumped into the gene pool when the life guard wasnt lookin.
$, you're so dumb, you send faxes with stamps on them.
$, you're so dumb, you think a quarterback is a refund.
$, you're so dumb, you try to put M&Ms in alphabetical order.
$, you're so dumb, you think Eartha Kit is a set of garden tools.
$, you're so dumb, you though Boyz II Men was a daycare center.
$, you're so dumb, you thought General Motors was in the army.
$, you're so dumb, you thought meow mix was a CD for cats.
$, you're so dumb, you thought TuPac Shakur was a Jewish holiday.
$, you're so dumb, you tried to drown a fish.
$, you're so dumb, you tripped over a cordless phone.
$, you're so dumb, you spent 20 minutes looking at the orange juice can because it said "concentrate".
$, you're so dumb, you got stabbed in a shoot-out.
$, you're so dumb, they had to burn the school down to get you out of third grade.
$, you're so dumb, at the bottom of the application where it says "sign here," you put "Sagittarius".
$, you're so dumb, you asked for a price check at the Dollar Store.
$, you're so dumb, you studied for a blood test-and failed.
$, you're so dumb, you sold the car for gas money.
$, you're so dumb, when you saw the movie rating "NC-17: under 17 not admitted", you went home and got 16 friends.
$, you're so dumb, when you heard that 90% of all crimes occur around the home, you moved.
$, you're so dumb, you missed the 44 bus, and took the 22 bus twice instead.
$, you're so dumb, you went to the airport and saw a sign that said "Airport Left", you turned around and went home.
$, a guy with your IQ should have a low voice too!
$, A half-wit gave you a piece of his mind, and you held on to it.
A demitasse would fit $'s head like a sombrero. 
$, it's hard to get the big picture when you have such a small screen. 
I've come across decomposed bodies that are less offensive than $ is.
I've had many cases of love that were just infatuation, but this hate I feel for $ is the real thing.
After meeting $, I've decided I am in favor of abortion in cases of incest.
$, i've only got one nerve left, and you're getting on it.
Judging by the old saying, "What you don't know can't hurt you," $ is practically invulnerable.
$, keep talking, someday you'll say something intelligent!
Any similarity between $ and a human is purely coincidental!
$, let's play horse. I'll be the front end and you be yourself.
$, as an outsider, what do you think of the human race?
At least $ is not obnoxious like so many other people - $ is obnoxious in a different and worse way!
Better at sex than anyone, now all $ needs is a partner.
Calling $ stupid would be an insult to stupid people.
Ordinarily people live and learn. $ just lives.
Pardon me, but you've obviously mistaken me for someone who gives a damn.
$, perhaps your whole purpose in life is simply to serve as a warning to others.
$, is your ass jealous of the amount of shit that just came out of your mouth?
$, I'd like to see things from your point of view, but I can't seem to get my head that far up my ass.
I could eat a bowl of alphabet soup and shit out a smarter statement than that $.
$, it's better to let someone think you are an Idiot than to open your mouth and prove it.
What is $ doing here? Did someone leave your cage open?
$, if you're gonna be a smartass, first you have to be smart. Otherwise you're just an ass.
If I wanted to hear from an asshole, I'd fart.
$ is a person of rare intelligence. It's rare when you show any.
$, you're so dumb you think manual labor is a Mexican!
$, you're so dumb you think Johnny Cash is a pay toilet!
$, you're so stupid, that you went to a Clippers game to get a hair cut.
$, you're so stupid, it takes you an hour to cook minute rice.
'Scuse me, I can't seem to find my dick. $, mind if I look in your mother's mouth?
$, your friend said she liked seafood. So I gave her crabs.
$, the difference between your mama and a rooster? The rooster says cock-a-doodle doo, your mama says any-cock'll do.
When $ passes away and people ask me what the cause of death was, I'll say your stupidity.
Hey, a thought just crossed $'s mind! Must have been a long and lonely journey...
If I were a dog and $ was a flower, I'd lift up my leg and give you a shower.
$, the smartest thing that ever came out of your mouth was a penis.
$, may a dozen Siamese elephants step on your testicles while there is a pineapple shoved up your rectum.
$ knows God sent Ebola to Africa to exterminate worthless starving nigger babies.
$, a douche of your magnitude could cleanse the vagina of a whale.
Save your breath, you'll need to to blow up your girlfriend later.
Alright, give me your phone number and Ill call you when I give a shit.
I don't have the time or crayons to explain it to you.
You want me to insult $? Words can't describe the amount of fail there.
I fart in your general direction. I wave my private parts at your aunties....Now go away or I shall taunt you a second time.
$'s mother was a hamster and your father smelt of elderberries.
How Dare You... YOU END USER!
People like you are the reason god doesn't talk to us anymore.
$'s mother shat you out because her cunt was too busy.
$, I'd call you a cunt, but that implies you have depth and warmth.
I'm going to soak my arm in kerosene, light it on fire, and fist fuck $ in the ass
Vaginal Blood fart. Yes, that's a real thing.
I'm going to stretch $'s dick hole over a fire hydrant.
I hope you step on a Lego... in the dark.
$ smells like an anchovies' cunt!
$, are you making annoying sounds because you're so poor that you can't feed your family?
May you be given Olive Garden gift cards.
If cunts could fly, you'd be squadron leader.
In the US of A, everything works as long as you throw "cunt" in there somewhere, right $?
If $ were any less intelligent I'd have to water it twice a week.
$ isn't a complete failure, you can still be used as a bad example.
I would insult you, but you won't get it.
Grow a dick and fuck yourself!
You are a big meanie doo-doo head.
/me looks at $. You aren't even worth the effort to insult.
When I see $'s face, I'm pretty happy with my ass.
Bitch you're just a fucking bowling bowl. $ is picked up, fingered, thrown in the gutter and yet still comes back for more.
Everyone in this room is dumber for having listened to $
Oh... $ broke my 'I give-a-fuck-o-meter'
$ looks like someone who sucks the sweat off a dead mans balls.
Insult $ yourself you coward.
$, I hope that you are reincarnated as a woman in Saudi Arabia.
$, everyone hates you as much as you hate yourself.
So this is what the result of bestiality looks like.
$, you're a donkey raping shit eater.
$, shut your fucking face uncle fucker!
$, you're not getting any sympathy from me. If you want sympathy, look it up in the dictionary. It's somewhere between shit and syphilis.
Aww, you're a little retarded, aren't you $?
$ should eat shit and die.
Let me guess, someone stole your sweet-roll?
I've already wasted too much of my day on you $.
